-------------------------------------------------------------------------------
      name:  master
       log:  /Users/eptmp/Documents/GitHub/confunnel-stata/cscripts/master.log
  log type:  text
 opened on:   9 Jul 2026, 10:07:18

. 
. cscript master
-------------------------------------------------------------------BEGIN master

. 
. cap noi ado describe confunnel

. 
. local cscripts confunnel

. 
. foreach dofile of local cscripts {
  2.     log using `dofile'.log, text replace name(`dofile')
  3.     do `dofile'
  4.     log close `dofile'
  5. }
-------------------------------------------------------------------------------
      name:  confunnel
       log:  /Users/eptmp/Documents/GitHub/confunnel-stata/cscripts/confunnel.l
> og
  log type:  text
 opened on:   9 Jul 2026, 10:07:18

. cscript confunnel adofiles confunnel
----------------------------------------------------------------BEGIN confunnel

-> which confunnel, usesysdir
/Users/eptmp/Documents/GitHub/confunnel-stata/confunnel.ado
*! 1.0.6 Tom Palmer 09jul2026; based on con_funnel by Jaime Peters

. 
. about

StataNow/MP 19.5 for Unix (Apple Silicon)
Revision 03 Jun 2026
Copyright 1985-2025 StataCorp LLC

Total usable memory: 18.00 GB

Stata license: Unlimited-user 2-core network, expiring 29 Jan 2027
Serial number: 501909307934
  Licensed to: Tom Palmer
               University of Bristol

. 
. use http://fmwww.bc.edu/repec/bocode/m/metan_example_data.dta, clear
(Example dataset for meta-analyses, Ross Harris 2006)

. gen logOR = log((tdeath*cnodeath)/(tnodeath*cdeath))

. gen selogOR = sqrt((1/tdeath) + (1/tnodeath) + (1/cdeath) + (1/cnodeath))

. 
. confunnel logOR selogOR

. 
. confunnel logOR selogOR, noshadedregions

. 
. confunnel logOR selogOR, solidcontours shadedcontours noshadedregions

. 
. confunnel logOR selogOR, metric(invse)

. 
. confunnel logOR selogOR, onesided(upper) noshadedregions

. 
. confunnel logOR selogOR, onesided(lower) noshadedregions

. 
. confunnel logOR selogOR, metric(var)

. 
. confunnel logOR selogOR, metric(invvar)

. 
. confunnel logOR selogOR in 1/10, metric(invse)

. 
. confunnel logOR selogOR if selogOR < 1, metric(invvar) noshadedregions

. 
. confunnel logOR selogOR, functionlowopts(lc(red)) functionuppopts(lc(blue)) n
> oshadedregions

. 
. * unsorted contour levels are sorted ascending
. confunnel logOR selogOR, contours(10 5 1)

. 
. * contour levels outside (0, 100) are rejected
. rcof "noisily confunnel logOR selogOR, contours(0 5)" == 125
contours() invalid -- invalid numlist has elements outside of allowed range

. 
end of do-file
      name:  confunnel
       log:  /Users/eptmp/Documents/GitHub/confunnel-stata/cscripts/confunnel.l
> og
  log type:  text
 closed on:   9 Jul 2026, 10:07:21
-------------------------------------------------------------------------------

. 
. log close _all
      name:  master
       log:  /Users/eptmp/Documents/GitHub/confunnel-stata/cscripts/master.log
  log type:  text
 closed on:   9 Jul 2026, 10:07:21
-------------------------------------------------------------------------------
